// Jest Snapshot v1, https://goo.gl/fbAQLP

exports[`renders correctly 1`] = `
<div>
  <img
    alt="money plan"
    data-nimg="1"
    decoding="async"
    height="50"
    loading="lazy"
    src="/_next/image?url=%2Fimg.jpg&w=128&q=75"
    srcset="/_next/image?url=%2Fimg.jpg&w=64&q=75 1x, /_next/image?url=%2Fimg.jpg&w=128&q=75 2x"
    style="color: transparent;"
    width="50"
  />
</div>
`;
